// Jest Snapshot v1, https://goo.gl/fbAQLP

exports[`YealpRating component renders UI as expected 1`] = `
<div
  className="starsImg"
/>
`;
