// Jest Snapshot v1, https://goo.gl/fbAQLP

exports[`List component renders UI as expected 1`] = `
<div
  className="list-item"
>
  <div
    className="img-container"
  >
    <img
      alt="food presentation from the place"
    />
  </div>
  <li
    className="li"
  >
    <div
      className="text-area"
    >
      <h2>
        name
      </h2>
      <p>
        
        , 
        
         
      </p>
      <p>
        
         
        
      </p>
      <br />
      <p>
        phne
      </p>
      <p>
        Price-range: 
        price
      </p>
      <a
        href="link"
        rel="noopener noreferrer"
        target="_blank"
      >
        <h2>
          Visit
        </h2>
      </a>
      <div
        className="rating-box"
      >
        <p>
          Yelp rating: 
        </p>
        <div
          className="starsImg"
        />
      </div>
    </div>
    <div
      className="button-container2"
    >
      <button
        className="review-button"
        onClick={[Function]}
      >
        Create Finds review
      </button>
    </div>
  </li>
  <br />
  <br />
</div>
`;
